// Vitest Snapshot v1, https://vitest.dev/guide/snapshot.html

exports[`ChatScreen in both directions (NFR-5) > LTR: an English thread stays left to right (snapshot) 1`] = `
"
ltr  en          Analyst
ltr  en          What is the minimum age for a personal loan?
ltr  en          Model
ltr  en          The minimum age is 21.
ltr  en          ¶
ltr  en          1
ltr  en          Cited
ltr  en          ¶
ltr  en          1
"
`;

exports[`ChatScreen in both directions (NFR-5) > RTL: a Hebrew thread reads right to left, its steps, chips and numbers left to right (snapshot) 1`] = `
"
rtl  he          Analyst
rtl  he          למה בקשה מספר
ltr  he          17
rtl  he          הופנתה לבדיקה?
rtl  he          Model
ltr  he          1 tool call
rtl  he          case 17
rtl  he          ran on
rtl  he          v
rtl  he          1
rtl  he          ·
rtl  he          1.2 ms
rtl  he          Manual review
rtl  he          בקשה
ltr  he          17
rtl  he          הופנתה לבדיקת חתם.
rtl  he          Case 17
rtl  he          Cited
rtl  he          Case 17
rtl  he          ¶
rtl  he          7
rtl  he          the outcome is the engine's, on v
rtl  he          1
"
`;
